190 <190>1 2016-07-20T13:00:31.038757+00:00 app sidekiq.1 - - 3 TID-owcu47iy4 ActionMailer::DeliveryJob JID-96ca98ef68fb1f0c5823ba29 INFO: done: 0.069 sec
192 <190>1 2016-07-20T13:00:31.087076+00:00 app sidekiq.1 - - 3 TID-owcrc7tfw Applicant::IndexApplicantJob JID-3cdfeabadc5a7bc3b1af7c59 INFO: done: 0.07 sec
183 <190>1 2016-07-20T13:00:31.095370+00:00 app sidekiq.1 - - 3 TID-owcrc7tfw Applicant::IndexApplicantJob JID-f120b1c77c4013688dbaea0d INFO: start
190 <190>1 2016-07-20T13:00:31.187198+00:00 app sidekiq.2 - - 3 TID-ou2age1ik LearningStage::LandingJob JID-2c2463de5eee7048ffb321de INFO: fail: 0.322 sec